docker : time="2026-02-12T17:03:57+07:00" level=warning 
msg="D:\\TJ825\\S_APP\\oneinv\\docker-compose.yml: the attribute `version` is obsolete, it 
will be ignored, please remove it to avoid potential confusion"
At line:1 char:1
+ docker compose build > build_output.log 2>&1
+ ~~~~~~~~~~~~~~~~~~~~~~~~~~~~~~~~~~~~~~~~~~~~
    + CategoryInfo          : NotSpecified: (time="2026-02-1...tial confusion":String) [], 
    RemoteException
    + FullyQualifiedErrorId : NativeCommandError
 
 Image oneinv-app Building 
#1 [internal] load local bake definitions
#1 reading from stdin 487B done
#1 DONE 0.0s

#2 [internal] load build definition from Dockerfile
#2 transferring dockerfile: 2.17kB 0.0s done
#2 DONE 0.0s

#3 [internal] load metadata for docker.io/library/node:22-alpine
#3 DONE 1.3s

#4 [internal] load .dockerignore
#4 transferring context: 1.10kB done
#4 DONE 0.0s

#5 [base 1/1] FROM docker.io/library/node:22-alpine@sha256:e4bf2a82ad0a4037d28035ae71529873c069b13eb0455466ae0bc13363826e34
#5 DONE 0.0s

#6 [builder 1/5] WORKDIR /app
#6 CACHED

#7 [runner 2/9] RUN set -x     && sed -i 's/https/http/g' /etc/apk/repositories     && apk update     && (apk add --no-cache     chromium     nss     freetype     harfbuzz     ca-certificates     ttf-freefont ||     (sleep 5 && apk add --no-cache     chromium     nss     freetype     harfbuzz     ca-certificates     ttf-freefont))
#7 CACHED

#8 [runner 3/9] RUN addgroup --system --gid 1001 nodejs
#8 CACHED

#9 [runner 4/9] RUN adduser --system --uid 1001 nextjs
#9 CACHED

#10 [internal] load build context
#10 transferring context: 4.43kB 0.1s done
#10 DONE 0.2s

#11 [deps 3/4] COPY package.json package-lock.json* ./
#11 CACHED

#12 [deps 4/4] RUN npm config set fetch-retry-maxtimeout 600000     && npm config set fetch-retries 5     && npm ci
#12 CACHED

#13 [deps 1/4] RUN sed -i 's/https/http/g' /etc/apk/repositories && apk update && (apk add --no-cache libc6-compat || (sleep 5 && apk add --no-cache libc6-compat))
#13 CACHED

#14 [deps 2/4] WORKDIR /app
#14 CACHED

#15 [builder 2/5] COPY --from=deps /app/node_modules ./node_modules
#15 CACHED

#16 [builder 3/5] COPY . .
#16 DONE 0.1s

#17 [builder 4/5] RUN npx prisma generate
#17 2.302 warn The configuration property `package.json#prisma` is deprecated and will be removed in Prisma 7. Please migrate to a Prisma config file (e.g., `prisma.config.ts`).
#17 2.302 For more information, see: https://pris.ly/prisma-config
#17 2.302 
#17 2.408 Prisma schema loaded from prisma/schema.prisma
#17 15.26 
#17 15.26 โ” Generated Prisma Client (v6.19.1) to ./node_modules/@prisma/client in 256ms
#17 15.26 
#17 15.26 Start by importing your Prisma Client (See: https://pris.ly/d/importing-client)
#17 15.26 
#17 15.26 Tip: Want to turn off tips and other hints? https://pris.ly/tip-4-nohints
#17 15.26 
#17 15.28 npm notice
#17 15.28 npm notice New major version of npm available! 10.9.4 -> 11.10.0
#17 15.28 npm notice Changelog: https://github.com/npm/cli/releases/tag/v11.10.0
#17 15.28 npm notice To update run: npm install -g npm@11.10.0
#17 15.28 npm notice
#17 DONE 15.4s

#18 [builder 5/5] RUN npm run build
#18 0.444 
#18 0.444 > oneinv@0.1.0 build
#18 0.444 > next build
#18 0.444 
#18 1.428 โ–ฒ Next.js 16.1.6 (Turbopack)
#18 1.428 
#18 1.469   Creating an optimized production build ...
#18 12.44 โ“ Compiled successfully in 10.4s
#18 12.45   Running TypeScript ...
#18 18.37   Collecting page data using 11 workers ...
#18 19.99   Generating static pages using 11 workers (0/15) ...
#18 20.08   Generating static pages using 11 workers (3/15) 
#18 20.24   Generating static pages using 11 workers (7/15) 
#18 20.28   Generating static pages using 11 workers (11/15) 
#18 20.42 โ“ Generating static pages using 11 workers (15/15) in 430.5ms
#18 20.43   Finalizing page optimization ...
#18 21.27 
#18 21.27 Route (app)
#18 21.27 โ” โ— /
#18 21.27 โ” โ— /_not-found
#18 21.27 โ” ฦ’ /api/auth/login
#18 21.27 โ” ฦ’ /api/health
#18 21.27 โ” ฦ’ /api/invoices
#18 21.27 โ” ฦ’ /api/invoices/[id]
#18 21.27 โ” ฦ’ /api/invoices/[id]/items/[itemId]
#18 21.27 โ” ฦ’ /api/notify-warehouse
#18 21.27 โ” ฦ’ /api/parts
#18 21.27 โ” ฦ’ /api/pos
#18 21.27 โ” ฦ’ /api/suppliers
#18 21.27 โ” ฦ’ /api/suppliers/[id]
#18 21.27 โ” ฦ’ /api/sync
#18 21.27 โ” ฦ’ /api/tasks
#18 21.27 โ” ฦ’ /api/test-connection
#18 21.27 โ” ฦ’ /api/users
#18 21.27 โ”” ฦ’ /api/users/[id]
#18 21.27 
#18 21.27 
#18 21.27 โ—  (Static)   prerendered as static content
#18 21.27 ฦ’  (Dynamic)  server-rendered on demand
#18 21.27 
#18 DONE 21.5s

#19 [runner 5/9] COPY --from=builder /app/public ./public
#19 DONE 0.1s

#20 [runner 6/9] RUN mkdir .next
#20 DONE 0.3s

#21 [runner 7/9] RUN chown nextjs:nodejs .next
#21 DONE 0.3s

#22 [runner 8/9] COPY --from=builder --chown=nextjs:nodejs /app/.next/standalone ./
#22 DONE 0.5s

#23 [runner 9/9] COPY --from=builder --chown=nextjs:nodejs /app/.next/static ./.next/static
#23 DONE 0.1s

#24 exporting to image
#24 exporting layers
#24 exporting layers 5.7s done
#24 writing image sha256:9fd654a2cc60f88f45084f5c612ee81b32c820dd0ba1d59720735f943a3f58d3 done
#24 naming to docker.io/library/oneinv-app done
#24 DONE 5.8s

#25 resolving provenance for metadata file
#25 DONE 0.0s
 Image oneinv-app Built 
