============================================================
๐งช Testing PBASS API Connection
============================================================

๐“ Environment Configuration:
  PBASS_API_URL: โ NOT SET
  PBASS_API_TOKEN: โ NOT SET
  PBASS_API_TIMEOUT: 30000 (default)
  PBASS_API_IGNORE_SSL: false (default)
  HTTPS_PROXY: โ NOT SET

๐” Testing Connection...
node.exe : โ PBASS API Error: Error: PBASS_API_URL 
is not configured
At line:1 char:1
+ & "C:\Program Files\nodejs/node.exe" "C:\Program 
Files\nodejs/node_mo ...
+ ~~~~~~~~~~~~~~~~~~~~~~~~~~~~~~~~~~~~~~~~~~~~~~~~~~~~~
~~~~~~~~~~~~~~~~
    + CategoryInfo          : NotSpecified: (โ PBASS 
    API E... not configured:String) [], RemoteExcepti  
  on
    + FullyQualifiedErrorId : NativeCommandError
 
    at PBASSClient.fetchInvoices 
(D:\TJ825\S_APP\oneinv\lib\pbass-client.ts:90:23)
    at PBASSClient.testConnection 
(D:\TJ825\S_APP\oneinv\lib\pbass-client.ts:260:39)
    at testPBASSConnection 
(D:\TJ825\S_APP\oneinv\test-pbass-api.ts:26:46)
    at <anonymous> 
(D:\TJ825\S_APP\oneinv\test-pbass-api.ts:71:1)
    at Object.<anonymous> 
(D:\TJ825\S_APP\oneinv\test-pbass-api.ts:71:42)
    at Module._compile 
(node:internal/modules/cjs/loader:1804:14)
    at Object.transformer (C:\Users\bptj825\AppData\Loc
al\npm-cache\_npx\fd45a72a545557e9\node_modules\tsx\dis
t\register-D46fvsV_.cjs:3:1104)
    at Module.load 
(node:internal/modules/cjs/loader:1525:32)
    at Module._load 
(node:internal/modules/cjs/loader:1327:12)
    at TracingChannel.traceSync 
(node:diagnostics_channel:328:14)
โ Connection failed!
   Error: PBASS_API_URL is not configured
   Latency: 2ms

๐“ฅ Fetching Invoices...
โ PBASS API Error: Error: PBASS_API_URL is not 
configured
    at PBASSClient.fetchInvoices 
(D:\TJ825\S_APP\oneinv\lib\pbass-client.ts:90:23)
    at testPBASSConnection 
(D:\TJ825\S_APP\oneinv\test-pbass-api.ts:41:38)
โ Failed to fetch invoices
   Error: PBASS_API_URL is not configured

============================================================
๐ Test Complete
============================================================
